// Vitest Snapshot v1, https://vitest.dev/guide/snapshot.html

exports[`ToolRegistry > serializes to the OpenAI tools wire format 1`] = `
[
  {
    "function": {
      "description": "Read a text file. Returns numbered lines. Use offset/limit for large files (defaults to the first 2000 lines).",
      "name": "read_file",
      "parameters": {
        "properties": {
          "limit": {
            "description": "Maximum lines to return (default 2000)",
            "type": "number",
          },
          "offset": {
            "description": "1-based line number to start from (default 1)",
            "type": "number",
          },
          "path": {
            "description": "File path (absolute, or relative to the working directory)",
            "type": "string",
          },
        },
        "required": [
          "path",
        ],
        "type": "object",
      },
    },
    "type": "function",
  },
  {
    "function": {
      "description": "Create or overwrite a text file with the given content. Parent directories are created as needed.",
      "name": "write_file",
      "parameters": {
        "properties": {
          "content": {
            "description": "Full new file content",
            "type": "string",
          },
          "path": {
            "description": "File path (absolute, or relative to the working directory)",
            "type": "string",
          },
        },
        "required": [
          "path",
          "content",
        ],
        "type": "object",
      },
    },
    "type": "function",
  },
  {
    "function": {
      "description": "Replace an exact string in a file. old_string must match exactly once (or pass replace_all). Prefer this over write_file for small changes.",
      "name": "edit_file",
      "parameters": {
        "properties": {
          "new_string": {
            "description": "Replacement text",
            "type": "string",
          },
          "old_string": {
            "description": "Exact text to replace (must be unique unless replace_all)",
            "type": "string",
          },
          "path": {
            "description": "File path (absolute, or relative to the working directory)",
            "type": "string",
          },
          "replace_all": {
            "description": "Replace every occurrence (default false)",
            "type": "boolean",
          },
        },
        "required": [
          "path",
          "old_string",
          "new_string",
        ],
        "type": "object",
      },
    },
    "type": "function",
  },
  {
    "function": {
      "description": "List the entries of a directory (directories first, with file sizes).",
      "name": "list_dir",
      "parameters": {
        "properties": {
          "path": {
            "description": "Directory path (default: the working directory)",
            "type": "string",
          },
        },
        "type": "object",
      },
    },
    "type": "function",
  },
  {
    "function": {
      "description": "Find files by glob pattern (e.g. "**/*.ts", "src/**/config.*"). Results are newest-first. Ignores node_modules, .git and dist.",
      "name": "glob",
      "parameters": {
        "properties": {
          "path": {
            "description": "Directory to search in (default: the working directory)",
            "type": "string",
          },
          "pattern": {
            "description": "Glob pattern to match file paths against",
            "type": "string",
          },
        },
        "required": [
          "pattern",
        ],
        "type": "object",
      },
    },
    "type": "function",
  },
  {
    "function": {
      "description": "Search file contents with a JavaScript regular expression. Returns "file:line: text" matches. Skips binary and very large files.",
      "name": "grep",
      "parameters": {
        "properties": {
          "glob": {
            "description": "Only search files matching this glob (e.g. "**/*.ts")",
            "type": "string",
          },
          "max_results": {
            "description": "Maximum matching lines to return (default 100)",
            "type": "number",
          },
          "path": {
            "description": "Directory to search in (default: the working directory)",
            "type": "string",
          },
          "pattern": {
            "description": "JavaScript regex to search for",
            "type": "string",
          },
        },
        "required": [
          "pattern",
        ],
        "type": "object",
      },
    },
    "type": "function",
  },
  {
    "function": {
      "description": "Run a shell command and return its exit code and combined output. Times out after 60s by default. The user must approve every command.",
      "name": "run_command",
      "parameters": {
        "properties": {
          "command": {
            "description": "The command line to execute",
            "type": "string",
          },
          "cwd": {
            "description": "Working directory for the command (default: the working directory)",
            "type": "string",
          },
          "timeout_ms": {
            "description": "Timeout in milliseconds (default 60000)",
            "type": "number",
          },
        },
        "required": [
          "command",
        ],
        "type": "object",
      },
    },
    "type": "function",
  },
  {
    "function": {
      "description": "Replace your todo list for the current task. Use it to plan any task with more than a couple of steps, and update statuses as you work. Returns the rendered checklist.",
      "name": "todo_write",
      "parameters": {
        "properties": {
          "todos": {
            "description": "The full new todo list (replaces the previous one)",
            "items": {
              "properties": {
                "content": {
                  "description": "What this step is",
                  "type": "string",
                },
                "status": {
                  "description": "Current state of this step",
                  "enum": [
                    "pending",
                    "in_progress",
                    "done",
                  ],
                  "type": "string",
                },
              },
              "required": [
                "content",
                "status",
              ],
              "type": "object",
            },
            "type": "array",
          },
        },
        "required": [
          "todos",
        ],
        "type": "object",
      },
    },
    "type": "function",
  },
  {
    "function": {
      "description": "HTTP GET a URL and return its content as readable text (HTML is stripped to text, truncated to a few thousand characters). Use full URLs including the scheme.",
      "name": "fetch_url",
      "parameters": {
        "properties": {
          "url": {
            "description": "The http(s) URL to fetch",
            "type": "string",
          },
        },
        "required": [
          "url",
        ],
        "type": "object",
      },
    },
    "type": "function",
  },
]
`;
